2026.08.04 23:30:14 INFO  Started: Metals version 1.6.8 in folders 'C:\Users\omdha\Downloads\files\tetris-java\tetris-java' for client Visual Studio Code 1.131.0.
2026.08.04 23:30:14 INFO  Memory monitor started
2026.08.04 23:30:17 WARN  Using H2 2.4.240 which is newer than the version Flyway has been verified with. The latest verified version of H2 is 2.3.232.
2026.08.04 23:30:19 INFO  no build target found for C:\Users\omdha\Downloads\files\tetris-java\tetris-java\src\Tetris.java. Using fallback presentation compiler.
Aug 04, 2026 11:30:23 PM org.eclipse.lsp4j.jsonrpc.RemoteEndpoint handleCancellation
WARNING: Unmatched cancel notification for request id 1
Aug 04, 2026 11:30:23 PM org.eclipse.lsp4j.jsonrpc.RemoteEndpoint handleCancellation
WARNING: Unmatched cancel notification for request id 2
2026.08.04 23:30:23 INFO  no build target found for C:\Users\omdha\Downloads\files\tetris-java\tetris-java\src\Tetris.java. Using fallback presentation compiler.
2026.08.04 23:30:23 INFO  no build target found for C:\Users\omdha\Downloads\files\tetris-java\tetris-java\src\Tetris.java. Using fallback presentation compiler.
2026.08.04 23:30:24 WARN  no build tool detected in workspace 'C:\Users\omdha\Downloads\files\tetris-java\tetris-java'. The most common cause for this problem is that the editor was opened in the wrong working directory, for example if you use sbt then the workspace directory should contain build.sbt. 
2026.08.04 23:30:24 WARN  Build server is not auto-connectable.
2026.08.04 23:30:24 WARN  no build target for: C:\Users\omdha\Downloads\files\tetris-java\tetris-java\src\Tetris.java
2026.08.04 23:30:24 INFO  no build target found for C:\Users\omdha\Downloads\files\tetris-java\tetris-java\src\Tetris.java. Using fallback presentation compiler.
2026.08.04 23:30:31 INFO  time: code lens generation in 7.65s
2026.08.04 23:30:31 INFO  time: code lens generation in 7.65s
2026.08.04 23:31:04 INFO  no build target found for C:\Users\omdha\Downloads\files\tetris-java\tetris-java\src\Tetris.java. Using fallback presentation compiler.
2026.08.04 23:31:27 INFO  no build target found for C:\Users\omdha\Downloads\files\tetris-java\tetris-java\src\Tetris.java. Using fallback presentation compiler.
Aug 04, 2026 11:31:28 PM org.eclipse.lsp4j.jsonrpc.RemoteEndpoint handleCancellation
WARNING: Unmatched cancel notification for request id 17
2026.08.04 23:31:27 INFO  no build target found for C:\Users\omdha\Downloads\files\tetris-java\tetris-java\src\Tetris.java. Using fallback presentation compiler.
2026.08.04 23:31:28 INFO  no build target found for C:\Users\omdha\Downloads\files\tetris-java\tetris-java\src\Tetris.java. Using fallback presentation compiler.
2026.08.04 23:31:27 INFO  no build target found for C:\Users\omdha\Downloads\files\tetris-java\tetris-java\src\Tetris.java. Using fallback presentation compiler.
Aug 04, 2026 11:31:29 PM org.eclipse.lsp4j.jsonrpc.services.GenericEndpoint notify
INFO: Unsupported notification method: $/setTrace
2026.08.04 23:31:38 WARN  no build target for: C:\Users\omdha\Downloads\files\tetris-java\tetris-java\src\Tetris.java
2026.08.04 23:31:38 INFO  no build target found for C:\Users\omdha\Downloads\files\tetris-java\tetris-java\src\Tetris.java. Using fallback presentation compiler.
2026.08.04 23:31:38 INFO  no build target found for C:\Users\omdha\Downloads\files\tetris-java\tetris-java\src\Tetris.java. Using fallback presentation compiler.
2026.08.04 23:31:40 INFO  no build target found for C:\Users\omdha\Downloads\files\tetris-java\tetris-java\src\Tetris.java. Using fallback presentation compiler.
2026.08.04 23:31:58 INFO  no build target found for C:\Users\omdha\Downloads\files\tetris-java\tetris-java\src\Tetris.java. Using fallback presentation compiler.
2026.08.04 23:31:58 INFO  no build target found for C:\Users\omdha\Downloads\files\tetris-java\tetris-java\src\Tetris.java. Using fallback presentation compiler.
2026.08.04 23:32:35 INFO  no build target found for C:\Users\omdha\Downloads\files\tetris-java\tetris-java\src\Tetris.java. Using fallback presentation compiler.
2026.08.04 23:32:35 INFO  no build target found for C:\Users\omdha\Downloads\files\tetris-java\tetris-java\src\Tetris.java. Using fallback presentation compiler.
2026.08.04 23:36:21 INFO  no build target found for C:\Users\omdha\Downloads\files\tetris-java\tetris-java\src\Tetris.java. Using fallback presentation compiler.
Aug 04, 2026 11:39:37 PM org.eclipse.lsp4j.jsonrpc.services.GenericEndpoint notify
INFO: Unsupported notification method: $/setTrace
2026.08.04 23:52:48 INFO  Shutting down server
2026.08.04 23:52:48 INFO  Memory monitor stopped
2026.08.04 23:52:48 INFO  shutting down Metals
2026.08.04 23:52:48 INFO  Exiting server
2026.08.05 22:59:19 INFO  Started: Metals version 1.6.8 in folders 'C:\Users\omdha\Downloads\files\tetris-java\tetris-java' for client Visual Studio Code 1.131.0.
2026.08.05 22:59:19 INFO  Memory monitor started
2026.08.05 22:59:23 WARN  Using H2 2.4.240 which is newer than the version Flyway has been verified with. The latest verified version of H2 is 2.3.232.
2026.08.05 22:59:24 WARN  no build tool detected in workspace 'C:\Users\omdha\Downloads\files\tetris-java\tetris-java'. The most common cause for this problem is that the editor was opened in the wrong working directory, for example if you use sbt then the workspace directory should contain build.sbt. 
2026.08.05 22:59:24 WARN  Build server is not auto-connectable.
2026.08.05 23:01:36 WARN  no build target for: C:\Users\omdha\Downloads\files\tetris-java\tetris-java\src\Tetris.java
2026.08.05 23:01:36 INFO  no build target found for C:\Users\omdha\Downloads\files\tetris-java\tetris-java\src\Tetris.java. Using fallback presentation compiler.
2026.08.05 23:01:37 INFO  no build target found for C:\Users\omdha\Downloads\files\tetris-java\tetris-java\src\Tetris.java. Using fallback presentation compiler.
Aug 05, 2026 11:01:37 PM org.eclipse.lsp4j.jsonrpc.RemoteEndpoint handleCancellation
WARNING: Unmatched cancel notification for request id 1
2026.08.05 23:01:36 INFO  no build target found for C:\Users\omdha\Downloads\files\tetris-java\tetris-java\src\Tetris.java. Using fallback presentation compiler.
2026.08.05 23:01:38 INFO  no build target found for C:\Users\omdha\Downloads\files\tetris-java\tetris-java\src\Tetris.java. Using fallback presentation compiler.
2026.08.05 23:01:41 INFO  no build target found for C:\Users\omdha\Downloads\files\tetris-java\tetris-java\src\Tetris.java. Using fallback presentation compiler.
2026.08.05 23:01:43 INFO  no build target found for C:\Users\omdha\Downloads\files\tetris-java\tetris-java\src\Tetris.java. Using fallback presentation compiler.
2026.08.05 23:01:44 INFO  no build target found for C:\Users\omdha\Downloads\files\tetris-java\tetris-java\src\Tetris.java. Using fallback presentation compiler.
2026.08.05 23:01:45 INFO  no build target found for C:\Users\omdha\Downloads\files\tetris-java\tetris-java\src\Tetris.java. Using fallback presentation compiler.
2026.08.05 23:01:46 INFO  no build target found for C:\Users\omdha\Downloads\files\tetris-java\tetris-java\src\Tetris.java. Using fallback presentation compiler.
2026.08.05 23:01:48 INFO  no build target found for C:\Users\omdha\Downloads\files\tetris-java\tetris-java\src\Tetris.java. Using fallback presentation compiler.
Aug 05, 2026 11:01:48 PM org.eclipse.lsp4j.jsonrpc.RemoteEndpoint handleCancellation
WARNING: Unmatched cancel notification for request id 16
2026.08.05 23:01:49 INFO  no build target found for C:\Users\omdha\Downloads\files\tetris-java\tetris-java\src\Tetris.java. Using fallback presentation compiler.
2026.08.05 23:01:49 INFO  no build target found for C:\Users\omdha\Downloads\files\tetris-java\tetris-java\src\Tetris.java. Using fallback presentation compiler.
2026.08.05 23:01:53 INFO  no build target found for C:\Users\omdha\Downloads\files\tetris-java\tetris-java\src\Tetris.java. Using fallback presentation compiler.
2026.08.05 23:01:53 INFO  no build target found for C:\Users\omdha\Downloads\files\tetris-java\tetris-java\src\Tetris.java. Using fallback presentation compiler.
2026.08.05 23:01:53 INFO  no build target found for C:\Users\omdha\Downloads\files\tetris-java\tetris-java\src\Tetris.java. Using fallback presentation compiler.
2026.08.05 23:01:53 INFO  no build target found for C:\Users\omdha\Downloads\files\tetris-java\tetris-java\src\Tetris.java. Using fallback presentation compiler.
2026.08.05 23:01:56 INFO  no build target found for C:\Users\omdha\Downloads\files\tetris-java\tetris-java\src\Tetris.java. Using fallback presentation compiler.
2026.08.05 23:01:56 INFO  no build target found for C:\Users\omdha\Downloads\files\tetris-java\tetris-java\src\Tetris.java. Using fallback presentation compiler.
2026.08.05 23:01:57 INFO  no build target found for C:\Users\omdha\Downloads\files\tetris-java\tetris-java\src\Tetris.java. Using fallback presentation compiler.
2026.08.05 23:01:57 INFO  no build target found for C:\Users\omdha\Downloads\files\tetris-java\tetris-java\src\Tetris.java. Using fallback presentation compiler.
2026.08.05 23:01:57 INFO  no build target found for C:\Users\omdha\Downloads\files\tetris-java\tetris-java\src\Tetris.java. Using fallback presentation compiler.
2026.08.05 23:01:57 INFO  no build target found for C:\Users\omdha\Downloads\files\tetris-java\tetris-java\src\Tetris.java. Using fallback presentation compiler.
2026.08.05 23:01:58 INFO  no build target found for C:\Users\omdha\Downloads\files\tetris-java\tetris-java\src\Tetris.java. Using fallback presentation compiler.
2026.08.05 23:02:00 INFO  no build target found for C:\Users\omdha\Downloads\files\tetris-java\tetris-java\src\Tetris.java. Using fallback presentation compiler.
2026.08.05 23:02:00 INFO  no build target found for C:\Users\omdha\Downloads\files\tetris-java\tetris-java\src\Tetris.java. Using fallback presentation compiler.
2026.08.05 23:02:00 INFO  no build target found for C:\Users\omdha\Downloads\files\tetris-java\tetris-java\src\Tetris.java. Using fallback presentation compiler.
2026.08.05 23:02:01 INFO  no build target found for C:\Users\omdha\Downloads\files\tetris-java\tetris-java\src\Tetris.java. Using fallback presentation compiler.
2026.08.05 23:02:01 INFO  no build target found for C:\Users\omdha\Downloads\files\tetris-java\tetris-java\src\Tetris.java. Using fallback presentation compiler.
2026.08.05 23:02:01 INFO  no build target found for C:\Users\omdha\Downloads\files\tetris-java\tetris-java\src\Tetris.java. Using fallback presentation compiler.
2026.08.05 23:02:03 INFO  no build target found for C:\Users\omdha\Downloads\files\tetris-java\tetris-java\src\Tetris.java. Using fallback presentation compiler.
2026.08.05 23:02:03 INFO  no build target found for C:\Users\omdha\Downloads\files\tetris-java\tetris-java\src\Tetris.java. Using fallback presentation compiler.
2026.08.05 23:02:03 INFO  no build target found for C:\Users\omdha\Downloads\files\tetris-java\tetris-java\src\Tetris.java. Using fallback presentation compiler.
2026.08.05 23:02:06 INFO  no build target found for C:\Users\omdha\Downloads\files\tetris-java\tetris-java\src\Tetris.java. Using fallback presentation compiler.
2026.08.05 23:02:06 INFO  no build target found for C:\Users\omdha\Downloads\files\tetris-java\tetris-java\src\Tetris.java. Using fallback presentation compiler.
2026.08.05 23:02:07 INFO  no build target found for C:\Users\omdha\Downloads\files\tetris-java\tetris-java\src\Tetris.java. Using fallback presentation compiler.
2026.08.05 23:02:07 INFO  no build target found for C:\Users\omdha\Downloads\files\tetris-java\tetris-java\src\Tetris.java. Using fallback presentation compiler.
2026.08.05 23:02:08 INFO  no build target found for C:\Users\omdha\Downloads\files\tetris-java\tetris-java\src\Tetris.java. Using fallback presentation compiler.
2026.08.05 23:02:13 INFO  no build target found for C:\Users\omdha\Downloads\files\tetris-java\tetris-java\src\Tetris.java. Using fallback presentation compiler.
2026.08.05 23:02:13 WARN  no build target for: C:\Users\omdha\Downloads\files\tetris-java\tetris-java\src\Tetris.java
2026.08.05 23:02:13 INFO  no build target found for C:\Users\omdha\Downloads\files\tetris-java\tetris-java\src\Tetris.java. Using fallback presentation compiler.
2026.08.05 23:02:14 INFO  no build target found for C:\Users\omdha\Downloads\files\tetris-java\tetris-java\src\Tetris.java. Using fallback presentation compiler.
2026.08.05 23:02:16 INFO  no build target found for C:\Users\omdha\Downloads\files\tetris-java\tetris-java\src\Tetris.java. Using fallback presentation compiler.
2026.08.05 23:02:18 INFO  no build target found for C:\Users\omdha\Downloads\files\tetris-java\tetris-java\src\Tetris.java. Using fallback presentation compiler.
2026.08.05 23:02:19 INFO  no build target found for C:\Users\omdha\Downloads\files\tetris-java\tetris-java\src\Tetris.java. Using fallback presentation compiler.
2026.08.05 23:02:23 INFO  no build target found for C:\Users\omdha\Downloads\files\tetris-java\tetris-java\src\Tetris.java. Using fallback presentation compiler.
2026.08.05 23:02:23 INFO  no build target found for C:\Users\omdha\Downloads\files\tetris-java\tetris-java\src\Tetris.java. Using fallback presentation compiler.
2026.08.05 23:02:26 INFO  no build target found for C:\Users\omdha\Downloads\files\tetris-java\tetris-java\src\Tetris.java. Using fallback presentation compiler.
2026.08.05 23:02:26 INFO  no build target found for C:\Users\omdha\Downloads\files\tetris-java\tetris-java\src\Tetris.java. Using fallback presentation compiler.
2026.08.05 23:14:20 INFO  no build target found for C:\Users\omdha\Downloads\files\tetris-java\tetris-java\src\Tetris.java. Using fallback presentation compiler.
2026.08.05 23:14:20 WARN  no build target for: C:\Users\omdha\Downloads\files\tetris-java\tetris-java\src\Tetris.java
2026.08.05 23:14:20 INFO  no build target found for C:\Users\omdha\Downloads\files\tetris-java\tetris-java\src\Tetris.java. Using fallback presentation compiler.
2026.08.05 23:14:20 INFO  no build target found for C:\Users\omdha\Downloads\files\tetris-java\tetris-java\src\Tetris.java. Using fallback presentation compiler.
2026.08.05 23:14:20 INFO  no build target found for C:\Users\omdha\Downloads\files\tetris-java\tetris-java\src\Tetris.java. Using fallback presentation compiler.
2026.08.05 23:14:35 INFO  no build target found for C:\Users\omdha\Downloads\files\tetris-java\tetris-java\src\Tetris.java. Using fallback presentation compiler.
2026.08.05 23:14:35 INFO  no build target found for C:\Users\omdha\Downloads\files\tetris-java\tetris-java\src\Tetris.java. Using fallback presentation compiler.
2026.08.05 23:15:47 INFO  no build target found for C:\Users\omdha\Downloads\files\tetris-java\tetris-java\src\Tetris.java. Using fallback presentation compiler.
2026.08.05 23:34:41 INFO  Shutting down server
2026.08.05 23:34:41 INFO  Memory monitor stopped
2026.08.05 23:34:41 INFO  shutting down Metals
2026.08.05 23:34:41 INFO  Exiting server
